// Jest Snapshot v1, https://goo.gl/fbAQLP

exports[`App should render my component 1`] = `
<CommmonLayout>
  <Home
    fareCharges={
      Object {
        "ANYWHERE_IN_ZONE_1": 2.5,
        "ANY_ONE_ZONE_OUTSIDE_ZONE_1": 2,
        "ANY_TWO_ZONES_EXCLUDING_ZONE_1": 2.25,
        "ANY_TWO_ZONES_INCLUDING_ZONE_1": 3,
        "BUS_JOURNEY": 1.8,
        "MORE_THAN_TWO_ZONES": 3.2,
        "TUBE_MAX_COST": 3.2,
      }
    }
  />
</CommmonLayout>
`;
